// Jest Snapshot v1, https://goo.gl/fbAQLP

exports[`<FormDemo /> basic dumb component render 1`] = `
<form
  className="server-client-form-demo"
>
  FormDemo
</form>
`;

exports[`<FormDemoConnected /> render occurs through connection 1`] = `
<withImmutablePropsToJS(FormDemo)
  store={
    Object {
      "dispatch": [Function],
      "getState": [Function],
      "replaceReducer": [Function],
      "subscribe": [Function],
      Symbol(observable): [Function],
    }
  }
  storeSubscription={
    Subscription {
      "listeners": Object {
        "clear": [Function],
        "get": [Function],
        "notify": [Function],
        "subscribe": [Function],
      },
      "onStateChange": [Function],
      "parentSub": undefined,
      "store": Object {
        "dispatch": [Function],
        "getState": [Function],
        "replaceReducer": [Function],
        "subscribe": [Function],
        Symbol(observable): [Function],
      },
      "unsubscribe": [Function],
    }
  }
/>
`;

exports[`mapDispatchToProps processes the actions correctly 1`] = `Object {}`;

exports[`mapStateToProps processes the state correctly 1`] = `Immutable.Map {}`;
