// Jest Snapshot v1, https://goo.gl/fbAQLP

exports[`<CatImage /> basic render 1`] = `
<img
  alt="Cute kitten"
  className="crardx-cat-image"
/>
`;
