// Jest Snapshot v1, https://goo.gl/fbAQLP

exports[`<CatButton /> basic render 1`] = `
<button
  className="crardx-cat-button"
>
  Get cat!
</button>
`;
